// Vitest Snapshot v1, https://vitest.dev/guide/snapshot.html

exports[`renders correctly 1`] = `
{
  "asFragment": [Function],
  "baseElement": <body>
    <div>
      <section
        class="_container_a35809"
      >
        <div
          class="_treeWrapper_068057"
        >
          <div
            class="_paths_cb9680"
          >
            <p
              class="_emptyPaths_cb9680"
            >
              Sorry, there's no talent path available at this moment
            </p>
          </div>
          <div
            class="_talentPoints_fee7c0"
          >
            <p
              class="_pointsCounter_fee7c0"
            >
              0
               / 
              0
            </p>
            <p
              class="_pointsText_fee7c0"
            >
              Points Spent
            </p>
          </div>
        </div>
      </section>
    </div>
  </body>,
  "container": <div>
    <section
      class="_container_a35809"
    >
      <div
        class="_treeWrapper_068057"
      >
        <div
          class="_paths_cb9680"
        >
          <p
            class="_emptyPaths_cb9680"
          >
            Sorry, there's no talent path available at this moment
          </p>
        </div>
        <div
          class="_talentPoints_fee7c0"
        >
          <p
            class="_pointsCounter_fee7c0"
          >
            0
             / 
            0
          </p>
          <p
            class="_pointsText_fee7c0"
          >
            Points Spent
          </p>
        </div>
      </div>
    </section>
  </div>,
  "debug": [Function],
  "findAllByAltText": [Function],
  "findAllByDisplayValue": [Function],
  "findAllByLabelText": [Function],
  "findAllByPlaceholderText": [Function],
  "findAllByRole": [Function],
  "findAllByTestId": [Function],
  "findAllByText": [Function],
  "findAllByTitle": [Function],
  "findByAltText": [Function],
  "findByDisplayValue": [Function],
  "findByLabelText": [Function],
  "findByPlaceholderText": [Function],
  "findByRole": [Function],
  "findByTestId": [Function],
  "findByText": [Function],
  "findByTitle": [Function],
  "getAllByAltText": [Function],
  "getAllByDisplayValue": [Function],
  "getAllByLabelText": [Function],
  "getAllByPlaceholderText": [Function],
  "getAllByRole": [Function],
  "getAllByTestId": [Function],
  "getAllByText": [Function],
  "getAllByTitle": [Function],
  "getByAltText": [Function],
  "getByDisplayValue": [Function],
  "getByLabelText": [Function],
  "getByPlaceholderText": [Function],
  "getByRole": [Function],
  "getByTestId": [Function],
  "getByText": [Function],
  "getByTitle": [Function],
  "queryAllByAltText": [Function],
  "queryAllByDisplayValue": [Function],
  "queryAllByLabelText": [Function],
  "queryAllByPlaceholderText": [Function],
  "queryAllByRole": [Function],
  "queryAllByTestId": [Function],
  "queryAllByText": [Function],
  "queryAllByTitle": [Function],
  "queryByAltText": [Function],
  "queryByDisplayValue": [Function],
  "queryByLabelText": [Function],
  "queryByPlaceholderText": [Function],
  "queryByRole": [Function],
  "queryByTestId": [Function],
  "queryByText": [Function],
  "queryByTitle": [Function],
  "rerender": [Function],
  "unmount": [Function],
}
`;
